** Drc report for C:\Users\Neil\Documents\GitHub\KiCad\ZenPipeMini\ZenPipeMini.kicad_pcb **
** Created on  **

** Found 12 DRC errors **
ErrType(19): Pad near pad
    @ (5.6493 in,3.8514 in): Pad E4 on F.Cu, B.Cu, Internal, Non-copper of U5
    @ (5.6493 in,3.8671 in): Pad D4 on F.Cu, B.Cu, Internal, Non-copper of U5
ErrType(19): Pad near pad
    @ (5.6493 in,3.8671 in): Pad D4 on F.Cu, B.Cu, Internal, Non-copper of U5
    @ (5.6493 in,3.8829 in): Pad C4 on F.Cu, B.Cu, Internal, Non-copper of U5
ErrType(19): Pad near pad
    @ (5.6493 in,3.8829 in): Pad C4 on F.Cu, B.Cu, Internal, Non-copper of U5
    @ (5.6493 in,3.8986 in): Pad B4 on F.Cu, B.Cu, Internal, Non-copper of U5
ErrType(19): Pad near pad
    @ (5.6493 in,3.8986 in): Pad B4 on F.Cu, B.Cu, Internal, Non-copper of U5
    @ (5.6650 in,3.8986 in): Pad B3 on F.Cu, B.Cu, Internal, Non-copper of U5
ErrType(19): Pad near pad
    @ (5.6650 in,3.8514 in): Pad E3 on F.Cu, B.Cu, Internal, Non-copper of U5
    @ (5.6807 in,3.8514 in): Pad E2 on F.Cu, B.Cu, Internal, Non-copper of U5
ErrType(19): Pad near pad
    @ (5.6650 in,3.8986 in): Pad B3 on F.Cu, B.Cu, Internal, Non-copper of U5
    @ (5.6807 in,3.8986 in): Pad B2 on F.Cu, B.Cu, Internal, Non-copper of U5
ErrType(19): Pad near pad
    @ (5.6807 in,3.8514 in): Pad E2 on F.Cu, B.Cu, Internal, Non-copper of U5
    @ (5.6807 in,3.8671 in): Pad D2 on F.Cu, B.Cu, Internal, Non-copper of U5
ErrType(19): Pad near pad
    @ (5.6807 in,3.8671 in): Pad D2 on F.Cu, B.Cu, Internal, Non-copper of U5
    @ (5.6807 in,3.8829 in): Pad C2 on F.Cu, B.Cu, Internal, Non-copper of U5
ErrType(19): Pad near pad
    @ (5.6807 in,3.8829 in): Pad C2 on F.Cu, B.Cu, Internal, Non-copper of U5
    @ (5.6807 in,3.8986 in): Pad B2 on F.Cu, B.Cu, Internal, Non-copper of U5
ErrType(7): Via near track
    @ (5.7000 in,2.9800 in): Track 0.0060 in, net [BAT_RST_PENDING] (22) on layer B.Cu, length: 0.8561 in
    @ (5.7134 in,3.7550 in): Via 0.0120 in net [BAT_SW_SEL] (21) on layers F.Cu/B.Cu
ErrType(5): Track near via
    @ (5.6896 in,3.8404 in): Track 0.0060 in, net [BAT_nRESET] (23) on layer B.Cu, length: 0.8783 in
    @ (5.6762 in,3.6300 in): Via 0.0120 in net [Net-(D9-Pad1)] (60) on layers F.Cu/B.Cu
ErrType(5): Track near via
    @ (5.5782 in,3.5754 in): Track 0.0060 in, net [Net-(D8-Pad1)] (58) on layer F.Cu, length: 0.1304 in
    @ (5.5648 in,3.6600 in): Via 0.0120 in net [Net-(D10-Pad1)] (62) on layers F.Cu/B.Cu

** Found 75 unconnected pads **
ErrType(2): Unconnected pads
    @ (5.3229 in,3.1900 in): Pad 2 on F.Cu, Non-copper of S1 net +3V3
    @ (5.3229 in,3.2491 in): Pad 3 on F.Cu, Non-copper of S1
ErrType(2): Unconnected pads
    @ (5.3229 in,3.2491 in): Pad 3 on F.Cu, Non-copper of S1 net +3V3
    @ (5.3824 in,3.3169 in): Pad 1 on F.Cu, Non-copper of U6
ErrType(2): Unconnected pads
    @ (5.4650 in,3.5998 in): Pad 2 on F.Cu, Non-copper of R30 net +3V3
    @ (5.3198 in,3.6050 in): Pad 2 on F.Cu, Non-copper of R18
ErrType(2): Unconnected pads
    @ (0.7474 in,1.1738 in): Pad 1 on F.Cu, Non-copper of X1 net +3V3
    @ (1.0225 in,0.9050 in): Pad 1 on F.Cu, Non-copper of U3
ErrType(2): Unconnected pads
    @ (5.3824 in,3.3169 in): Pad 1 on F.Cu, Non-copper of U6 net +3V3
    @ (5.3198 in,3.4750 in): Pad 2 on F.Cu, Non-copper of R17
ErrType(2): Unconnected pads
    @ (5.3198 in,3.5400 in): Pad 2 on F.Cu, Non-copper of R24 net +3V3
    @ (5.3198 in,3.6050 in): Pad 2 on F.Cu, Non-copper of R18
ErrType(2): Unconnected pads
    @ (5.3198 in,3.6650 in): Pad 2 on F.Cu, Non-copper of R25 net +3V3
    @ (5.3198 in,3.7300 in): Pad 2 on F.Cu, Non-copper of R19
ErrType(2): Unconnected pads
    @ (5.3198 in,3.6050 in): Pad 2 on F.Cu, Non-copper of R18 net +3V3
    @ (5.3198 in,3.6650 in): Pad 2 on F.Cu, Non-copper of R25
ErrType(2): Unconnected pads
    @ (5.4948 in,3.7500 in): Pad 2 on F.Cu, Non-copper of R29 net +3V3
    @ (5.4650 in,3.5998 in): Pad 2 on F.Cu, Non-copper of R30
ErrType(2): Unconnected pads
    @ (5.3198 in,3.7950 in): Pad 2 on F.Cu, Non-copper of R26 net +3V3
    @ (5.3198 in,3.7300 in): Pad 2 on F.Cu, Non-copper of R19
ErrType(2): Unconnected pads
    @ (5.3955 in,2.8079 in): Pad 7 on F.Cu, Non-copper of U2 net +3V3
    @ (5.3229 in,3.1900 in): Pad 2 on F.Cu, Non-copper of S1
ErrType(2): Unconnected pads
    @ (5.3198 in,3.4750 in): Pad 2 on F.Cu, Non-copper of R17 net +3V3
    @ (5.3198 in,3.5400 in): Pad 2 on F.Cu, Non-copper of R24
ErrType(2): Unconnected pads
    @ (5.5098 in,3.8450 in): Pad 2 on F.Cu, Non-copper of R28 net +3V3
    @ (5.5348 in,3.7950 in): Pad 2 on F.Cu, Non-copper of R22
ErrType(2): Unconnected pads
    @ (5.5400 in,3.1848 in): Pad 1 on F.Cu, Non-copper of R10 net +3V3
    @ (5.4950 in,3.1848 in): Pad 1 on F.Cu, Non-copper of R2
ErrType(2): Unconnected pads
    @ (1.1100 in,1.3913 in): Pad 1 on F.Cu, Non-copper of B1 net +3V3
    @ (5.1300 in,2.9000 in): Pad 2 on F.Cu, Non-copper of Q2
ErrType(2): Unconnected pads
    @ (1.0225 in,0.9050 in): Pad 1 on F.Cu, Non-copper of U3 net +3V3
    @ (1.1100 in,1.3913 in): Pad 1 on F.Cu, Non-copper of B1
ErrType(2): Unconnected pads
    @ (5.5500 in,3.6248 in): Pad 2 on F.Cu, Non-copper of R23 net +3V3
    @ (5.4650 in,3.5998 in): Pad 2 on F.Cu, Non-copper of R30
ErrType(2): Unconnected pads
    @ (5.5252 in,3.9550 in): Pad 2 on F.Cu, Non-copper of R21 net +3V3
    @ (5.5098 in,3.8450 in): Pad 2 on F.Cu, Non-copper of R28
ErrType(2): Unconnected pads
    @ (5.5348 in,3.7950 in): Pad 2 on F.Cu, Non-copper of R22 net +3V3
    @ (5.4948 in,3.7500 in): Pad 2 on F.Cu, Non-copper of R29
ErrType(2): Unconnected pads
    @ (5.4832 in,3.2947 in): Pad 28 on F.Cu, Non-copper of U1 net +3V3
    @ (5.3824 in,3.3169 in): Pad 1 on F.Cu, Non-copper of U6
ErrType(2): Unconnected pads
    @ (5.1300 in,2.9000 in): Pad 2 on F.Cu, Non-copper of Q2 net +3V3
    @ (5.3955 in,2.8079 in): Pad 7 on F.Cu, Non-copper of U2
ErrType(2): Unconnected pads
    @ (5.4950 in,3.1848 in): Pad 1 on F.Cu, Non-copper of R2 net +3V3
    @ (5.4832 in,3.2947 in): Pad 28 on F.Cu, Non-copper of U1
ErrType(2): Unconnected pads
    @ (5.3955 in,2.7882 in): Pad 6 on F.Cu, Non-copper of U2 net GND
    @ (5.4863 in,2.8863 in): Pad 42 on F.Cu, Non-copper of U2
ErrType(2): Unconnected pads
    @ (5.3955 in,3.0441 in): Pad 19 on F.Cu, Non-copper of U2 net GND
    @ (5.4863 in,2.9650 in): Pad 43 on F.Cu, Non-copper of U2
ErrType(2): Unconnected pads
    @ (5.3955 in,2.7489 in): Pad 4 on F.Cu, Non-copper of U2 net GND
    @ (5.3955 in,2.7882 in): Pad 6 on F.Cu, Non-copper of U2
ErrType(2): Unconnected pads
    @ (5.3955 in,2.7095 in): Pad 2 on F.Cu, Non-copper of U2 net GND
    @ (5.3955 in,2.7489 in): Pad 4 on F.Cu, Non-copper of U2
ErrType(2): Unconnected pads
    @ (5.3955 in,2.6898 in): Pad 1 on F.Cu, Non-copper of U2 net GND
    @ (5.3955 in,2.7095 in): Pad 2 on F.Cu, Non-copper of U2
ErrType(2): Unconnected pads
    @ (5.3800 in,3.1309 in): Pad 7 on F.Cu, Non-copper of S1 net GND
    @ (5.3955 in,3.0441 in): Pad 19 on F.Cu, Non-copper of U2
ErrType(2): Unconnected pads
    @ (5.6493 in,3.8986 in): Pad B4 on F.Cu, B.Cu, Internal, Non-copper of U5 net GND
    @ (5.6240 in,3.6850 in): Pad 2 on F.Cu, Non-copper of C2
ErrType(2): Unconnected pads
    @ (5.3450 in,3.3169 in): Pad 2 on F.Cu, Non-copper of U6 net GND
    @ (5.3800 in,3.1309 in): Pad 7 on F.Cu, Non-copper of S1
ErrType(2): Unconnected pads
    @ (5.3450 in,3.4231 in): Pad 5 on F.Cu, Non-copper of U6 net GND
    @ (5.3450 in,3.3169 in): Pad 2 on F.Cu, Non-copper of U6
ErrType(2): Unconnected pads
    @ (5.5800 in,3.9100 in): Pad 2 on F.Cu, Non-copper of R5 net GND
    @ (5.6493 in,3.8986 in): Pad B4 on F.Cu, B.Cu, Internal, Non-copper of U5
ErrType(2): Unconnected pads
    @ (5.6368 in,3.5053 in): Pad 14 on F.Cu, Non-copper of U1 net GND
    @ (5.5600 in,3.2947 in): Pad 25 on F.Cu, Non-copper of U1
ErrType(2): Unconnected pads
    @ (0.8474 in,1.1738 in): Pad 5 on F.Cu, Non-copper of X1 net GND
    @ (1.3375 in,0.9050 in): Pad 3 on F.Cu, Non-copper of U3
ErrType(2): Unconnected pads
    @ (4.7126 in,3.1137 in): Pad 3 on F.Cu, Non-copper of Q1 net GND
    @ (5.3800 in,3.1309 in): Pad 7 on F.Cu, Non-copper of S1
ErrType(2): Unconnected pads
    @ (5.6752 in,3.9550 in): Pad 2 on F.Cu, Non-copper of R4 net GND
    @ (5.6650 in,3.9144 in): Pad A3 on F.Cu, Non-copper of U5
ErrType(2): Unconnected pads
    @ (1.3375 in,0.9050 in): Pad 3 on F.Cu, Non-copper of U3 net GND
    @ (1.5458 in,1.2927 in): Pad 2 on F.Cu, Non-copper of V1
ErrType(2): Unconnected pads
    @ (1.5458 in,1.2927 in): Pad 2 on F.Cu, Non-copper of V1 net GND
    @ (4.7126 in,3.1137 in): Pad 3 on F.Cu, Non-copper of Q1
ErrType(2): Unconnected pads
    @ (5.0700 in,4.2700 in): Pad 1 on F.Cu, Non-copper of P6 net GND
    @ (5.4490 in,3.9550 in): Pad 2 on F.Cu, Non-copper of C3
ErrType(2): Unconnected pads
    @ (5.6100 in,3.1848 in): Pad 2 on F.Cu, Non-copper of R3 net GND
    @ (5.6300 in,3.1310 in): Pad 1 on F.Cu, Non-copper of C1
ErrType(2): Unconnected pads
    @ (5.5512 in,4.0269 in): Pad 5 on F.Cu, Non-copper of P4 net GND
    @ (5.5800 in,3.9100 in): Pad 2 on F.Cu, Non-copper of R5
ErrType(2): Unconnected pads
    @ (5.5850 in,3.1090 in): Pad 2 on F.Cu, Non-copper of C5 net GND
    @ (5.5400 in,3.1098 in): Pad 2 on F.Cu, Non-copper of R31
ErrType(2): Unconnected pads
    @ (5.6300 in,3.1310 in): Pad 1 on F.Cu, Non-copper of C1 net GND
    @ (5.5850 in,3.1090 in): Pad 2 on F.Cu, Non-copper of C5
ErrType(2): Unconnected pads
    @ (5.6240 in,3.6850 in): Pad 2 on F.Cu, Non-copper of C2 net GND
    @ (5.6368 in,3.5053 in): Pad 14 on F.Cu, Non-copper of U1
ErrType(2): Unconnected pads
    @ (5.4490 in,3.9550 in): Pad 2 on F.Cu, Non-copper of C3 net GND
    @ (5.5512 in,4.0269 in): Pad 5 on F.Cu, Non-copper of P4
ErrType(2): Unconnected pads
    @ (5.6557 in,3.0441 in): Pad 30 on F.Cu, Non-copper of U2 net GND
    @ (5.6300 in,3.1310 in): Pad 1 on F.Cu, Non-copper of C1
ErrType(2): Unconnected pads
    @ (5.5650 in,2.8863 in): Pad 45 on F.Cu, Non-copper of U2 net GND
    @ (5.5650 in,2.9650 in): Pad 44 on F.Cu, Non-copper of U2
ErrType(2): Unconnected pads
    @ (5.6650 in,3.9144 in): Pad A3 on F.Cu, Non-copper of U5 net GND
    @ (5.6493 in,3.8986 in): Pad B4 on F.Cu, B.Cu, Internal, Non-copper of U5
ErrType(2): Unconnected pads
    @ (5.5650 in,2.9650 in): Pad 44 on F.Cu, Non-copper of U2 net GND
    @ (5.5850 in,3.1090 in): Pad 2 on F.Cu, Non-copper of C5
ErrType(2): Unconnected pads
    @ (5.4863 in,2.9650 in): Pad 43 on F.Cu, Non-copper of U2 net GND
    @ (5.5650 in,2.9650 in): Pad 44 on F.Cu, Non-copper of U2
ErrType(2): Unconnected pads
    @ (5.7100 in,3.9898 in): Pad 2 on F.Cu, Non-copper of R9 net GND
    @ (5.6752 in,3.9550 in): Pad 2 on F.Cu, Non-copper of R4
ErrType(2): Unconnected pads
    @ (5.4863 in,2.8863 in): Pad 42 on F.Cu, Non-copper of U2 net GND
    @ (5.5650 in,2.8863 in): Pad 45 on F.Cu, Non-copper of U2
ErrType(2): Unconnected pads
    @ (5.5600 in,3.2947 in): Pad 25 on F.Cu, Non-copper of U1 net GND
    @ (5.6100 in,3.1848 in): Pad 2 on F.Cu, Non-copper of R3
ErrType(2): Unconnected pads
    @ (5.3076 in,3.4231 in): Pad 4 on F.Cu, Non-copper of U6 net LDO_OUT
    @ (5.3824 in,3.4231 in): Pad 6 on F.Cu, Non-copper of U6
ErrType(2): Unconnected pads
    @ (5.6460 in,3.6850 in): Pad 1 on F.Cu, Non-copper of C2 net LDO_OUT
    @ (5.3824 in,3.4231 in): Pad 6 on F.Cu, Non-copper of U6
ErrType(2): Unconnected pads
    @ (5.0700 in,4.2900 in): Pad 3 on F.Cu, Non-copper of P6 net BAT+
    @ (5.4710 in,3.9550 in): Pad 1 on F.Cu, Non-copper of C3
ErrType(2): Unconnected pads
    @ (5.3955 in,2.8276 in): Pad 8 on F.Cu, Non-copper of U2 net Net-(C4-Pad1)
    @ (5.3285 in,2.7650 in): Pad 1 on F.Cu, Non-copper of C4
ErrType(2): Unconnected pads
    @ (0.8474 in,1.1238 in): Pad 6 on F.Cu, Non-copper of X1 net JTAG_DTR
    @ (5.3065 in,2.7650 in): Pad 2 on F.Cu, Non-copper of C4
ErrType(2): Unconnected pads
    @ (5.6675 in,3.2435 in): Pad 1 on F.Cu, Non-copper of D3 net Net-(D2-Pad1)
    @ (5.3076 in,3.3169 in): Pad 3 on F.Cu, Non-copper of U6
ErrType(2): Unconnected pads
    @ (5.3076 in,3.3169 in): Pad 3 on F.Cu, Non-copper of U6 net Net-(D2-Pad1)
    @ (5.3100 in,2.8935 in): Pad 1 on F.Cu, Non-copper of D2
ErrType(2): Unconnected pads
    @ (5.6675 in,3.1765 in): Pad 2 on F.Cu, Non-copper of D3 net PWR_IND
    @ (5.6142 in,3.0556 in): Pad 29 on F.Cu, Non-copper of U2
ErrType(2): Unconnected pads
    @ (5.5355 in,3.0556 in): Pad 25 on F.Cu, Non-copper of U2 net JTAG_TX
    @ (0.7974 in,1.1238 in): Pad 4 on F.Cu, Non-copper of X1
ErrType(2): Unconnected pads
    @ (0.7974 in,1.1738 in): Pad 3 on F.Cu, Non-copper of X1 net JTAG_RX
    @ (5.4961 in,3.0556 in): Pad 23 on F.Cu, Non-copper of U2
ErrType(2): Unconnected pads
    @ (5.6378 in,4.1331 in): Pad 6 on F.Cu, B.Cu, Internal, Non-copper of P4 net Net-(P4-Pad6)
    @ (5.5984 in,4.0269 in): Pad 6 on F.Cu, B.Cu, Internal, Non-copper of P4
ErrType(2): Unconnected pads
    @ (5.4016 in,4.0269 in): Pad 6 on F.Cu, B.Cu, Internal, Non-copper of P4 net Net-(P4-Pad6)
    @ (5.3622 in,4.1331 in): Pad 6 on F.Cu, B.Cu, Internal, Non-copper of P4
ErrType(2): Unconnected pads
    @ (5.5984 in,4.0269 in): Pad 6 on F.Cu, B.Cu, Internal, Non-copper of P4 net Net-(P4-Pad6)
    @ (5.4016 in,4.0269 in): Pad 6 on F.Cu, B.Cu, Internal, Non-copper of P4
ErrType(2): Unconnected pads
    @ (5.0700 in,4.2800 in): Pad 2 on F.Cu, Non-copper of P6 net BAT_NTC
    @ (5.6965 in,3.8671 in): Pad D1 on F.Cu, Non-copper of U5
ErrType(2): Unconnected pads
    @ (5.3352 in,3.0700 in): Pad 1 on F.Cu, Non-copper of R1 net VIB
    @ (5.4567 in,3.0556 in): Pad 21 on F.Cu, Non-copper of U2
ErrType(2): Unconnected pads
    @ (4.6752 in,3.0350 in): Pad 2 on F.Cu, Non-copper of Q1 net Net-(B1-Pad2)
    @ (5.5850 in,3.1310 in): Pad 1 on F.Cu, Non-copper of C5
ErrType(2): Unconnected pads
    @ (1.1100 in,1.5487 in): Pad 2 on F.Cu, Non-copper of B1 net Net-(B1-Pad2)
    @ (4.6752 in,3.0350 in): Pad 2 on F.Cu, Non-copper of Q1
ErrType(2): Unconnected pads
    @ (1.3883 in,1.2927 in): Pad 1 on F.Cu, Non-copper of V1 net Net-(Q2-Pad3)
    @ (5.0513 in,2.9374 in): Pad 3 on F.Cu, Non-copper of Q2
ErrType(2): Unconnected pads
    @ (5.0513 in,2.9374 in): Pad 3 on F.Cu, Non-copper of Q2 net Net-(Q2-Pad3)
    @ (5.5400 in,3.1302 in): Pad 1 on F.Cu, Non-copper of R31
ErrType(2): Unconnected pads
    @ (5.3100 in,2.8265 in): Pad 2 on F.Cu, Non-copper of D2 net P_SWITCH
    @ (1.1800 in,0.9050 in): Pad 2 on F.Cu, Non-copper of U3
ErrType(2): Unconnected pads
    @ (5.4950 in,3.1302 in): Pad 1 on F.Cu, Non-copper of R32 net Net-(Q1-Pad1)
    @ (4.7500 in,3.0350 in): Pad 1 on F.Cu, Non-copper of Q1
ErrType(2): Unconnected pads
    @ (5.3148 in,3.0700 in): Pad 2 on F.Cu, Non-copper of R1 net Net-(Q2-Pad1)
    @ (5.1300 in,2.9748 in): Pad 1 on F.Cu, Non-copper of Q2

** End of Report **
